// Jest Snapshot v1, https://goo.gl/fbAQLP

exports[`Test Switch Component matches snapshot 1`] = `
<div
  className="sc-AxiKw jWoTjM"
>
  <div>
    <label
      className="ant-checkbox-wrapper"
    >
      <span
        className="ant-checkbox"
        style={Object {}}
      >
        <input
          checked={false}
          className="ant-checkbox-input"
          data-testid="checkBox-0"
          onBlur={[Function]}
          onChange={[Function]}
          onFocus={[Function]}
          type="checkbox"
        />
        <span
          className="ant-checkbox-inner"
        />
      </span>
      <span>
        a
      </span>
    </label>
  </div>
  <div>
    <label
      className="ant-checkbox-wrapper ant-checkbox-wrapper-checked"
    >
      <span
        className="ant-checkbox ant-checkbox-checked"
        style={Object {}}
      >
        <input
          checked={true}
          className="ant-checkbox-input"
          data-testid="checkBox-1"
          onBlur={[Function]}
          onChange={[Function]}
          onFocus={[Function]}
          type="checkbox"
        />
        <span
          className="ant-checkbox-inner"
        />
      </span>
      <span>
        b
      </span>
    </label>
  </div>
  <div>
    <label
      className="ant-checkbox-wrapper ant-checkbox-wrapper-checked"
    >
      <span
        className="ant-checkbox ant-checkbox-checked"
        style={Object {}}
      >
        <input
          checked={true}
          className="ant-checkbox-input"
          data-testid="checkBox-2"
          onBlur={[Function]}
          onChange={[Function]}
          onFocus={[Function]}
          type="checkbox"
        />
        <span
          className="ant-checkbox-inner"
        />
      </span>
      <span>
        c
      </span>
    </label>
  </div>
</div>
`;
